[bestblogos.com/ketodropsloss/low/111/ro/hello/index.html]
[backblue.gif]
[fade.gif]
[index.html]
[bestblogos.com/ketodropsloss/low/111/ro/hello/index_files/style.css]
[bestblogos.com/ketodropsloss/low/111/ro/hello/index_files/product.png]
[bestblogos.com/cdn/js/jquery.js]
[bestblogos.com/cdn/js/shakesland.js]
[bestblogos.com/ketodropsloss/low/111/ro/hello/index_files/post-1.jpg]
[bestblogos.com/ketodropsloss/low/111/ro/hello/index_files/post-2.jpg]
[bestblogos.com/ketodropsloss/low/111/ro/hello/index_files/post-3.jpg]
[bestblogos.com/ketodropsloss/low/111/ro/hello/index_files/post-4.jpg]
[bestblogos.com/ketodropsloss/low/111/ro/hello/index_files/post-5.jpg]
[bestblogos.com/ketodropsloss/low/111/ro/hello/index_files/post-6.jpg]
[bestblogos.com/ketodropsloss/low/111/ro/hello/index_files/post-7.jpg]
[bestblogos.com/ketodropsloss/low/111/ro/hello/index_files/comm-1.jpg]
[bestblogos.com/ketodropsloss/low/111/ro/hello/index_files/comm-img-1.jpg]
[bestblogos.com/ketodropsloss/low/111/ro/hello/index_files/comm-2.jpg]
[bestblogos.com/ketodropsloss/low/111/ro/hello/index_files/comm-3.jpg]
[bestblogos.com/ketodropsloss/low/111/ro/hello/index_files/comm-img-2.jpg]
[bestblogos.com/ketodropsloss/low/111/ro/hello/index_files/comm-4.jpg]
[bestblogos.com/ketodropsloss/low/111/ro/hello/index_files/comm-5.jpg]
[bestblogos.com/ketodropsloss/low/111/ro/hello/index_files/comm-img-3.jpg]
[bestblogos.com/ketodropsloss/low/111/ro/hello/index_files/comm-6.jpg]
[bestblogos.com/ketodropsloss/low/111/ro/hello/index_files/comm-img-4.jpg]
[bestblogos.com/ketodropsloss/low/111/ro/hello/index_files/comm-7.jpg]
[bestblogos.com/ketodropsloss/low/111/ro/hello/index_files/comm-img-5.jpg]
[bestblogos.com/ketodropsloss/low/111/ro/hello/index_files/comm-8.jpg]
[bestblogos.com/ketodropsloss/low/111/ro/hello/index_files/comm-img-6.jpg]
[bestblogos.com/ketodropsloss/low/111/ro/hello/index_files/comm-9.jpg]
[bestblogos.com/ketodropsloss/low/111/ro/hello/index_files/side-1.jpg]
[bestblogos.com/ketodropsloss/low/111/ro/hello/index_files/side-2.jpg]
[bestblogos.com/ketodropsloss/low/111/ro/hello/index_files/side-3.jpg]
[bestblogos.com/ketodropsloss/low/111/ro/hello/index.html]
[bestblogos.com/ketodropsloss/low/111/ro/hello/index_files/style.css]
